cargo : warning: `C:\Users\A
dministrator\.cargo\config` 
is deprecated in favor of `c
onfig.toml`
所在位置 行:1 字符: 1
+ cargo check 2> build_error
s.txt; Get-Content build_err
ors.txt -First  ...
+ ~~~~~~~~~~~~~~~~~~~~~~~~~~
~~~~~
    + CategoryInfo          
    : NotSpecified: (warni  
  ng: `C:\Us...f `config.   
 toml`:String) [], Remot    
eException
    + FullyQualifiedErrorId 
    : NativeCommandError
 
note: if you need to support
 cargo 1.38 or earlier, you 
can symlink `config` to `con
fig.toml`
    Checking canview v0.1.0 
(C:\Users\Administrator\Rust
roverProjects\canview)
error[E0599]: no method name
d `update_view` found for mu
table reference `&mut App` i
n the current scope
   --> src\main.rs:526:52
    |
526 | ...                   
cx.update_view(|view, _| vie
w.current_view = AppView::Lo
gView);
    |                       
   ^^^^^^^^^^^
    |
help: there is a method `upd
ate_window` with a similar n
ame, but with different argu
ments
   --> C:\Users\Administrato
r\.cargo\registry\src\rsprox
y.cn-e3de039b2554c837\gpui-0
.2.2\src\gpui.rs:167:5
    |
167 | /     fn update_window
<T, F>(&mut self, window: An
yWindowHandle, f: F) -> Resu
lt<T>
168 | |     where
169 | |         F: FnOnce(An
yView, &mut Window, &mut App
) -> T;
    | |_____________________
____________________________
______^

error[E0599]: no method name
d `update_view` found for mu
table reference `&mut App` i
n the current scope
   --> src\main.rs:560:52
    |
560 | ...                   
cx.update_view(|view, _| vie
w.current_view = AppView::Co
nfigView);
    |                       
   ^^^^^^^^^^^
    |
help: there is a method `upd
ate_window` with a similar n
ame, but with different argu
ments
   --> C:\Users\Administrato
r\.cargo\registry\src\rsprox
y.cn-e3de039b2554c837\gpui-0
.2.2\src\gpui.rs:167:5
    |
167 | /     fn update_window
<T, F>(&mut self, window: An
yWindowHandle, f: F) -> Resu
lt<T>
168 | |     where
169 | |         F: FnOnce(An
yView, &mut Window, &mut App
) -> T;
    | |_____________________
____________________________
______^

error[E0599]: no method name
d `update_view` found for mu
table reference `&mut App` i
n the current scope
   --> src\main.rs:594:52
    |
594 | ...                   
cx.update_view(|view, _| vie
w.current_view = AppView::Ch
artView);
    |                       
   ^^^^^^^^^^^
    |
help: there is a method `upd
ate_window` with a similar n
ame, but with different argu
ments
   --> C:\Users\Administrato
r\.cargo\registry\src\rsprox
y.cn-e3de039b2554c837\gpui-0
.2.2\src\gpui.rs:167:5
    |
167 | /     fn update_window
<T, F>(&mut self, window: An
yWindowHandle, f: F) -> Resu
lt<T>
168 | |     where
169 | |         F: FnOnce(An
yView, &mut Window, &mut App
) -> T;
    | |_____________________
____________________________
______^

error[E0599]: no method name
d `update_view` found for mu
table reference `&mut App` i
n the current scope
   --> src\main.rs:648:44
    |
648 | ...                   
cx.update_view(|view, cx| vi
ew.open_blf_file(cx));
    |                       
   ^^^^^^^^^^^
    |
help: there is a method `upd
ate_window` with a similar n
ame, but with different argu
ments
   --> C:\Users\Administrato
r\.cargo\registry\src\rsprox
y.cn-e3de039b2554c837\gpui-0
.2.2\src\gpui.rs:167:5
    |
167 | /     fn update_window
<T, F>(&mut self, window: An
yWindowHandle, f: F) -> Resu
lt<T>
168 | |     where
169 | |         F: FnOnce(An
yView, &mut Window, &mut App
) -> T;
    | |_____________________
____________________________
______^

error[E0599]: no method name
d `update_view` found for mu
table reference `&mut App` i
n the current scope
   --> src\main.rs:730:48
    |
730 | ...                   
cx.update_view(|view, _| {
    |                       
---^^^^^^^^^^^
    |
help: there is a method `upd
ate_window` with a similar n
ame, but with different argu
ments
   --> C:\Users\Administrato
r\.cargo\registry\src\rsprox
y.cn-e3de039b2554c837\gpui-0
.2.2\src\gpui.rs:167:5
    |
167 | /     fn update_window
<T, F>(&mut self, window: An
yWindowHandle, f: F) -> Resu
lt<T>
168 | |     where
169 | |         F: FnOnce(An
yView, &mut Window, &mut App
) -> T;
    | |_____________________
____________________________
______^

error[E0282]: type annotatio
ns needed
   --> src\main.rs:225:26
    |
225 |         cx.spawn(|_vie
w, mut cx| async move {
    |                       
   ^^^^^^
226 |             let path =
 cx.background_executor().sp
awn(async move {
    |                       
 -- type must be known at th
is point
    |
help: consider giving this c
losure parameter an explicit
 type
    |
225 |         cx.spawn(|_vie
w, mut cx: /* Type */| async
 move {
    |                       
         ++++++++++++

Some errors have detailed ex
planations: E0282, E0599.
For more information about a
n error, try `rustc --explai
n E0282`.
error: could not compile `ca
nview` (bin "canview") due t
o 6 previous errors
