cargo : warning: `C:\Users\Administrator\.cargo\config` is deprecated in favor of `config.toml`
所在位置 行:1 字符: 1
+ cargo check -p view > errors.txt 2>&1
+ ~~~~~~~~~~~~~~~~~~~~~~~~~~~~~~~~~~~~~
    + CategoryInfo          : NotSpecified: (warning: `C:\Us...f `config.toml`:String) [], RemoteE 
   xception
    + FullyQualifiedErrorId : NativeCommandError
 
  |
  = help: if you need to support cargo 1.38 or earlier, you can symlink `config` to `config.toml`
warning: profiles for the non root package will be ignored, specify profiles at the workspace root:
package:   C:\Users\Administrator\RustroverProjects\canview\src\view\Cargo.toml
workspace: C:\Users\Administrator\RustroverProjects\canview\Cargo.toml
warning: patch `font-kit v0.14.2 (https://github.com/zed-industries/font-kit?branch=master#13dd2eae
)` was not used in the crate graph
help: Check that the patched package version and available features are compatible
      with the dependency requirements. If the patch has a different version from
      what is locked in the Cargo.lock file, run `cargo update` to use the new
      version. This may also occur with an optional dependency that is not enabled.
    Checking view v0.1.0 (C:\Users\Administrator\RustroverProjects\canview\src\view)
error: expected item, found `47`
 --> src\view\src\app\impls.rs:1:1
  |
1 | 47
  | ^^ expected item
  |
  = note: for a full list of items that can appear in modules, see <https://doc.rust-lang.org/refer
ence/items.html>

warning: unused import: `ChannelMapping`
  --> src\view\src\app\state.rs:13:24
   |
13 | use crate::{AppConfig, ChannelMapping, ChannelType};
   |                        ^^^^^^^^^^^^^^
   |
   = note: `#[warn(unused_imports)]` (part of `#[warn(unused)]`) on by default

warning: unused imports: `LibraryManager` and `ScrollbarDragState`
 --> src\view\src\app\mod.rs:9:57
  |
9 | pub use state::{AppView, CanViewApp, LibraryDialogType, LibraryManager, ScrollbarDragState};
  |                                                         ^^^^^^^^^^^^^^  ^^^^^^^^^^^^^^^^^^

warning: unused import: `constants::*`
 --> src\view\src\config\mod.rs:7:9
  |
7 | pub use constants::*;
  |         ^^^^^^^^^^^^

warning: unused import: `io::*`
 --> src\view\src\config\mod.rs:8:9
  |
8 | pub use io::*;
  |         ^^^^^

warning: unused import: `startup::*`
 --> src\view\src\config\mod.rs:9:9
  |
9 | pub use startup::*;
  |         ^^^^^^^^^^

warning: unused import: `file::*`
 --> src\view\src\handlers\mod.rs:8:9
  |
8 | pub use file::*;
  |         ^^^^^^^

warning: unused import: `filter::*`
 --> src\view\src\handlers\mod.rs:9:9
  |
9 | pub use filter::*;
  |         ^^^^^^^^^

warning: unused import: `std::collections::HashMap`
  --> src\view\src\library\mod.rs:14:5
   |
14 | use std::collections::HashMap;
   |     ^^^^^^^^^^^^^^^^^^^^^^^^^

warning: unused import: `gpui::Pixels`
 --> src\view\src\models\mod.rs:5:5
  |
5 | use gpui::Pixels;
  |     ^^^^^^^^^^^^

warning: unused import: `std::collections::HashMap`
 --> src\view\src\models\mod.rs:7:5
  |
7 | use std::collections::HashMap;
  |     ^^^^^^^^^^^^^^^^^^^^^^^^^

warning: unused import: `VersionStats`
  --> src\view\src\models\mod.rs:10:81
   |
10 | pub use library::{ChannelDatabase, DatabaseType, LibraryVersion, SignalLibrary, VersionStats};
   |                                                                                 ^^^^^^^^^^^^

warning: unused import: `Pixels`
 --> src\view\src\rendering\message.rs:7:12
  |
7 | use gpui::{Pixels, px};
  |            ^^^^^^

warning: unused import: `utils::*`
 --> src\view\src\rendering\mod.rs:9:9
  |
9 | pub use utils::*;
  |         ^^^^^^^^

warning: unused import: `std::time::Duration`
  --> src\view\src\ui\components\enhanced_text_input.rs:34:5
   |
34 | use std::time::Duration;
   |     ^^^^^^^^^^^^^^^^^^^

warning: unused imports: `DividerOrientation` and `Divider`
  --> src\view\src\ui\components\mod.rs:20:19
   |
20 | pub use divider::{Divider, DividerOrientation};
   |                   ^^^^^^^  ^^^^^^^^^^^^^^^^^^

warning: unused imports: `EnhancedTextInputState` and `TextSelection`
  --> src\view\src\ui\components\mod.rs:23:57
   |
23 | pub use enhanced_text_input::{EnhancedTextInputBuilder, EnhancedTextInputState, TextSelection}
;
   |                                                         ^^^^^^^^^^^^^^^^^^^^^^  ^^^^^^^^^^^^^

warning: unused import: `ime_text_input::ImeTextInputState`
  --> src\view\src\ui\components\mod.rs:24:9
   |
24 | pub use ime_text_input::ImeTextInputState;
   |         ^^^^^^^^^^^^^^^^^^^^^^^^^^^^^^^^^

warning: unused import: `simple_text_input::SimpleTextInputBuilder`
  --> src\view\src\ui\components\mod.rs:25:9
   |
25 | pub use simple_text_input::SimpleTextInputBuilder; // Simple version, no internal event handli
ng
   |         ^^^^^^^^^^^^^^^^^^^^^^^^^^^^^^^^^^^^^^^^^

warning: unused imports: `TextInputBuilder` and `TextInputValidation`
  --> src\view\src\ui\components\mod.rs:26:22
   |
26 | pub use text_input::{TextInputBuilder, TextInputValidation};
   |                      ^^^^^^^^^^^^^^^^  ^^^^^^^^^^^^^^^^^^^

warning: unused imports: `ZedStyleTextInputBuilder` and `ZedStyleTextInputState`
  --> src\view\src\ui\components\mod.rs:27:32
   |
27 | pub use zed_style_text_input::{ZedStyleTextInputBuilder, ZedStyleTextInputState};
   |                                ^^^^^^^^^^^^^^^^^^^^^^^^  ^^^^^^^^^^^^^^^^^^^^^^

warning: unused import: `LibraryVersion`
 --> src\view\src\ui\views\library_management_enhanced.rs:9:37
  |
9 | use crate::models::{ChannelMapping, LibraryVersion, SignalLibrary};
  |                                     ^^^^^^^^^^^^^^

warning: unused import: `crate::library::LibraryManager`
 --> src\view\src\ui\views\library_view.rs:4:5
  |
4 | use crate::library::LibraryManager;
  |     ^^^^^^^^^^^^^^^^^^^^^^^^^^^^^^

warning: unused imports: `ChannelType`, `DatabaseType`, and `LibraryVersion`
 --> src\view\src\ui\views\library_view.rs:5:21
  |
5 | use crate::models::{ChannelType, DatabaseType, LibraryVersion, SignalLibrary};
  |                     ^^^^^^^^^^^  ^^^^^^^^^^^^  ^^^^^^^^^^^^^^

warning: unused import: `crate::app::AppView`
 --> src\view\src\ui\mod.rs:6:5
  |
6 | use crate::app::AppView;
  |     ^^^^^^^^^^^^^^^^^^^

warning: unused import: `rendering::calculate_column_widths`
  --> src\view\src\main.rs:14:5
   |
14 | use rendering::calculate_column_widths;
   |     ^^^^^^^^^^^^^^^^^^^^^^^^^^^^^^^^^^

warning: unused import: `rendering::get_message_strings`
  --> src\view\src\main.rs:15:5
   |
15 | use rendering::get_message_strings;
   |     ^^^^^^^^^^^^^^^^^^^^^^^^^^^^^^

error[E0599]: no method named `hide_add_channel_input` found for mutable reference `&mut CanViewApp
` in the current scope
   --> src\view\src\ui\views\library_management.rs:265:22
    |
265 |                 this.hide_add_channel_input(cx);
    |                      ^^^^^^^^^^^^^^^^^^^^^^ method not found in `&mut CanViewApp`

error[E0599]: no method named `create_library` found for mutable reference `&mut CanViewApp` in the
 current scope
   --> src\view\src\ui\views\library_management.rs:345:46
    |
345 | ...                   this.create_library(cx);
    |                            ^^^^^^^^^^^^^^ method not found in `&mut CanViewApp`
    |
help: one of the expressions' fields has a method of the same name
    |
345 |                                         this.library_manager.create_library(cx);
    |                                              ++++++++++++++++

error[E0599]: no method named `hide_add_channel_input` found for mutable reference `&mut CanViewApp
` in the current scope
   --> src\view\src\ui\views\library_management.rs:509:22
    |
509 |                 this.hide_add_channel_input(cx);
    |                      ^^^^^^^^^^^^^^^^^^^^^^ method not found in `&mut CanViewApp`

error[E0599]: no method named `delete_channel` found for mutable reference `&mut CanViewApp` in the
 current scope
   --> src\view\src\ui\views\library_management.rs:819:30
    |
819 |                         this.delete_channel(channel_id, cx);
    |                              ^^^^^^^^^^^^^^ method not found in `&mut CanViewApp`

error[E0599]: no method named `delete_channel` found for mutable reference `&mut CanViewApp` in the
 current scope
   --> src\view\src\ui\views\library_management.rs:928:30
    |
928 |                         this.delete_channel(channel_id, cx);
    |                              ^^^^^^^^^^^^^^ method not found in `&mut CanViewApp`

error[E0599]: no method named `save_channel_config` found for mutable reference `&mut CanViewApp` i
n the current scope
    --> src\view\src\ui\views\library_management.rs:1015:46
     |
1015 | ...                   view.save_channel_config(cx);
     |                            ^^^^^^^^^^^^^^^^^^^ method not found in `&mut CanViewApp`

error[E0599]: no method named `save_channel_config` found for mutable reference `&mut CanViewApp` i
n the current scope
    --> src\view\src\ui\views\library_management.rs:1092:22
     |
1092 |                 this.save_channel_config(cx);
     |                      ^^^^^^^^^^^^^^^^^^^ method not found in `&mut CanViewApp`

error[E0599]: no method named `save_channel_config` found for mutable reference `&mut CanViewApp` i
n the current scope
    --> src\view\src\ui\views\library_management.rs:1278:38
     |
1278 | ...                   this.save_channel_config(cx);
     |                            ^^^^^^^^^^^^^^^^^^^ method not found in `&mut CanViewApp`

error[E0599]: no method named `hide_add_channel_input` found for mutable reference `&mut CanViewApp
` in the current scope
    --> src\view\src\ui\views\library_management.rs:1302:38
     |
1302 | ...                   this.hide_add_channel_input(cx);
     |                            ^^^^^^^^^^^^^^^^^^^^^^ method not found in `&mut CanViewApp`

warning: use of deprecated field `app::state::CanViewApp::library_input_state`: Use library_name_in
put instead
   --> src\view\src\ui\views\library_management_enhanced.rs:118:45
    |
118 | ...                   this.library_input_state.text = new_text.to_string();
    |                       ^^^^^^^^^^^^^^^^^^^^^^^^
    |
    = note: `#[warn(deprecated)]` on by default

warning: use of deprecated field `app::state::CanViewApp::library_input_state`: Use library_name_in
put instead
   --> src\view\src\ui\views\library_management_enhanced.rs:121:45
    |
121 | ...                   this.library_input_state.cursor_position = this.library_cursor_position
;
    |                       ^^^^^^^^^^^^^^^^^^^^^^^^

error[E0599]: no method named `create_library` found for mutable reference `&mut CanViewApp` in the
 current scope
   --> src\view\src\ui\views\library_management_enhanced.rs:134:54
    |
134 | ...                   this.create_library(cx);
    |                            ^^^^^^^^^^^^^^ method not found in `&mut CanViewApp`
    |
help: one of the expressions' fields has a method of the same name
    |
134 |                                                 this.library_manager.create_library(cx);
    |                                                      ++++++++++++++++

warning: use of deprecated field `app::state::CanViewApp::is_editing_library_name`: Use library_nam
e_input instead
   --> src\view\src\ui\views\library_management_enhanced.rs:135:49
    |
135 | ...                   this.is_editing_library_name = false;
    |                       ^^^^^^^^^^^^^^^^^^^^^^^^^^^^

warning: use of deprecated field `app::state::CanViewApp::focused_library_input`: Use library_name_
input instead
   --> src\view\src\ui\views\library_management_enhanced.rs:136:49
    |
136 | ...                   this.focused_library_input = None;
    |                       ^^^^^^^^^^^^^^^^^^^^^^^^^^

error[E0599]: no method named `create_library` found for mutable reference `&mut CanViewApp` in the
 current scope
   --> src\view\src\ui\views\library_management_enhanced.rs:156:38
    |
156 | ...                   this.create_library(cx);
    |                            ^^^^^^^^^^^^^^ method not found in `&mut CanViewApp`
    |
help: one of the expressions' fields has a method of the same name
    |
156 |                                 this.library_manager.create_library(cx);
    |                                      ++++++++++++++++

warning: use of deprecated field `app::state::CanViewApp::is_editing_library_name`: Use library_nam
e_input instead
   --> src\view\src\ui\views\library_management_enhanced.rs:157:33
    |
157 | ...                   this.is_editing_library_name = false;
    |                       ^^^^^^^^^^^^^^^^^^^^^^^^^^^^

warning: use of deprecated field `app::state::CanViewApp::focused_library_input`: Use library_name_
input instead
   --> src\view\src\ui\views\library_management_enhanced.rs:158:33
    |
158 | ...                   this.focused_library_input = None;
    |                       ^^^^^^^^^^^^^^^^^^^^^^^^^^

warning: use of deprecated field `app::state::CanViewApp::library_input_state`: Use library_name_in
put instead
   --> src\view\src\ui\views\library_management_enhanced.rs:176:33
    |
176 | ...                   this.library_input_state.text.clear();
    |                       ^^^^^^^^^^^^^^^^^^^^^^^^

warning: use of deprecated field `app::state::CanViewApp::is_editing_library_name`: Use library_nam
e_input instead
   --> src\view\src\ui\views\library_management_enhanced.rs:177:33
    |
177 | ...                   this.is_editing_library_name = false;
    |                       ^^^^^^^^^^^^^^^^^^^^^^^^^^^^

warning: use of deprecated field `app::state::CanViewApp::focused_library_input`: Use library_name_
input instead
   --> src\view\src\ui\views\library_management_enhanced.rs:178:33
    |
178 | ...                   this.focused_library_input = None;
    |                       ^^^^^^^^^^^^^^^^^^^^^^^^^^

error[E0599]: no method named `add_library_version` found for mutable reference `&mut CanViewApp` i
n the current scope
   --> src\view\src\ui\views\library_management_enhanced.rs:285:58
    |
285 | ...                   this.add_library_version(cx);
    |                            ^^^^^^^^^^^^^^^^^^^ method not found in `&mut CanViewApp`

warning: use of deprecated field `app::state::CanViewApp::focused_library_input`: Use library_name_
input instead
   --> src\view\src\ui\views\library_management_enhanced.rs:286:53
    |
286 | ...                   this.focused_library_input = None;
    |                       ^^^^^^^^^^^^^^^^^^^^^^^^^^

error[E0599]: no method named `add_library_version` found for mutable reference `&mut CanViewApp` i
n the current scope
   --> src\view\src\ui\views\library_management_enhanced.rs:307:46
    |
307 | ...                   this.add_library_version(cx);
    |                            ^^^^^^^^^^^^^^^^^^^ method not found in `&mut CanViewApp`

warning: use of deprecated field `app::state::CanViewApp::focused_library_input`: Use library_name_
input instead
   --> src\view\src\ui\views\library_management_enhanced.rs:308:41
    |
308 | ...                   this.focused_library_input = None;
    |                       ^^^^^^^^^^^^^^^^^^^^^^^^^^

warning: use of deprecated field `app::state::CanViewApp::focused_library_input`: Use library_name_
input instead
   --> src\view\src\ui\views\library_management_enhanced.rs:327:37
    |
327 | ...                   this.focused_library_input = None;
    |                       ^^^^^^^^^^^^^^^^^^^^^^^^^^

error[E0599]: no method named `load_library_version` found for mutable reference `&mut CanViewApp` 
in the current scope
   --> src\view\src\ui\views\library_management_enhanced.rs:420:74
    |
420 | ...                   this.load_library_version(&lib_id_clone, &version_name_clone, cx);
    |                            ^^^^^^^^^^^^^^^^^^^^ method not found in `&mut CanViewApp`

error[E0599]: no method named `delete_library_version` found for mutable reference `&mut CanViewApp
` in the current scope
   --> src\view\src\ui\views\library_management_enhanced.rs:438:74
    |
438 | ...                   this.delete_library_version(&lib_id_clone, &version_name_clone, cx);
    |                            ^^^^^^^^^^^^^^^^^^^^^^ method not found in `&mut CanViewApp`

warning: use of deprecated field `app::state::CanViewApp::focused_library_input`: Use library_name_
input instead
   --> src\view\src\ui\views\library_management_enhanced.rs:624:17
    |
624 |                 this.focused_library_input = Some("new_library_input".to_string());
    |                 ^^^^^^^^^^^^^^^^^^^^^^^^^^

warning: use of deprecated field `app::state::CanViewApp::is_editing_library_name`: Use library_nam
e_input instead
   --> src\view\src\ui\views\library_management_enhanced.rs:625:17
    |
625 |                 this.is_editing_library_name = true;
    |                 ^^^^^^^^^^^^^^^^^^^^^^^^^^^^

warning: use of deprecated field `app::state::CanViewApp::focused_library_input`: Use library_name_
input instead
   --> src\view\src\ui\views\library_management_enhanced.rs:658:21
    |
658 |                     this.focused_library_input = Some("new_version_input".to_string());
    |                     ^^^^^^^^^^^^^^^^^^^^^^^^^^

error[E0599]: no method named `load_library_version` found for mutable reference `&mut CanViewApp` 
in the current scope
   --> src\view\src\ui\views\library_view.rs:220:46
    |
220 | ...                   this.load_library_version(
    |                       -----^^^^^^^^^^^^^^^^^^^^ method not found in `&mut CanViewApp`

error[E0599]: no method named `delete_library_version` found for mutable reference `&mut CanViewApp
` in the current scope
   --> src\view\src\ui\views\library_view.rs:244:46
    |
244 | ...                   this.delete_library_version(
    |                       -----^^^^^^^^^^^^^^^^^^^^^^ method not found in `&mut CanViewApp`

warning: use of deprecated field `app::state::CanViewApp::focused_library_input`: Use library_name_
input instead
   --> src\view\src\app\state.rs:214:13
    |
214 |             focused_library_input: None,
    |             ^^^^^^^^^^^^^^^^^^^^^^^^^^^

warning: use of deprecated field `app::state::CanViewApp::is_editing_library_name`: Use library_nam
e_input instead
   --> src\view\src\app\state.rs:215:13
    |
215 |             is_editing_library_name: false,
    |             ^^^^^^^^^^^^^^^^^^^^^^^^^^^^^^

warning: use of deprecated field `app::state::CanViewApp::library_input_state`: Use library_name_in
put instead
   --> src\view\src\app\state.rs:216:13
    |
216 | /             library_input_state: crate::ui::components::ime_text_input::ImeTextInputState::
default(
217 | |             ),
    | |_____________^

warning: use of deprecated field `app::state::CanViewApp::library_focus_handle`: Not needed with gp
ui-component Input
   --> src\view\src\app\state.rs:218:13
    |
218 |             library_focus_handle: None,
    |             ^^^^^^^^^^^^^^^^^^^^^^^^^^

warning: use of deprecated field `app::state::CanViewApp::ime_handler_registered`: Not needed with 
gpui-component Input
   --> src\view\src\app\state.rs:219:13
    |
219 |             ime_handler_registered: false,
    |             ^^^^^^^^^^^^^^^^^^^^^^^^^^^^^

error[E0599]: no function or associated item named `new` found for struct `CanViewApp` in the curre
nt scope
   --> src\view\src\main.rs:46:53
    |
 46 |                 let view = cx.new(|_cx| CanViewApp::new());
    |                                                     ^^^ function or associated item not found
 in `CanViewApp`
    |
   ::: src\view\src\app\state.rs:41:1
    |
 41 | pub struct CanViewApp {
    | --------------------- function or associated item `new` not found for this struct
    |
note: if you're trying to build a new `CanViewApp`, consider using `CanViewApp::new_state` which re
turns `CanViewApp`
   --> src\view\src\app\state.rs:151:5
    |
151 |     pub fn new_state() -> Self {
    |     ^^^^^^^^^^^^^^^^^^^^^^^^^^
    = help: items from traits can only be used if the trait is implemented and in scope
    = note: the following traits define an item `new`, perhaps you need to implement one of them:
            candidate #1: `aligned_vec::Alignment`
            candidate #2: `crypto_common::KeyInit`
            candidate #3: `crypto_common::KeyIvInit`
            candidate #4: `digest::VariableOutput`
            candidate #5: `digest::core_api::VariableOutputCore`
            candidate #6: `digest::digest::Digest`
            candidate #7: `fluent_uri::internal::Pointer`
            candidate #8: `gpui::AppContext`
            candidate #9: `itertools::adaptors::coalesce::CountItem`
            candidate #10: `itertools::adaptors::coalesce::CountItem`
            candidate #11: `notify::Watcher`
            candidate #12: `parking_lot_core::thread_parker::ThreadParkerT`
            candidate #13: `rand::distr::uniform::UniformSampler`
            candidate #14: `rustybuzz::hb::set_digest::hb_set_digest_ext`
            candidate #15: `tendril::tendril::Atomicity`
            candidate #16: `typenum::marker_traits::Bit`

warning: unused import: `gpui::prelude::FluentBuilder`
  --> src\view\src\ui\components\text_input.rs:43:5
   |
43 | use gpui::prelude::FluentBuilder;
   |     ^^^^^^^^^^^^^^^^^^^^^^^^^^^^

warning: unused import: `gpui`
 --> src\view\src\ui\components\ime_text_input.rs:5:5
  |
5 | use gpui::*;
  |     ^^^^

warning: unused variable: `view`
   --> src\view\src\ui\components\enhanced_text_input.rs:316:9
    |
316 |         view: Entity<App>,
    |         ^^^^ help: if this is intentional, prefix it with an underscore: `_view`
    |
    = note: `#[warn(unused_variables)]` (part of `#[warn(unused)]`) on by default

warning: unused variable: `on_change`
   --> src\view\src\ui\components\enhanced_text_input.rs:317:9
    |
317 |         on_change: impl Fn(&str, &mut gpui::Context<App>) + 'static,
    |         ^^^^^^^^^ help: if this is intentional, prefix it with an underscore: `_on_change`

warning: unused variable: `on_submit`
   --> src\view\src\ui\components\enhanced_text_input.rs:318:9
    |
318 |         on_submit: impl Fn(&str, &mut gpui::Context<App>) + 'static,
    |         ^^^^^^^^^ help: if this is intentional, prefix it with an underscore: `_on_submit`

warning: unused variable: `validation`
   --> src\view\src\ui\components\enhanced_text_input.rs:326:13
    |
326 |         let validation = self.validation;
    |             ^^^^^^^^^^ help: if this is intentional, prefix it with an underscore: `_validati
on`

warning: unused variable: `this`
   --> src\view\src\ui\components\text_input.rs:321:54
    |
321 | ...                   view.update(cx, |this, cx| {
    |                                        ^^^^ help: if this is intentional, prefix it with an u
nderscore: `_this`

warning: unused variable: `this`
   --> src\view\src\ui\components\text_input.rs:277:46
    |
277 | ...                   view.update(cx, |this, cx| {
    |                                        ^^^^ help: if this is intentional, prefix it with an u
nderscore: `_this`

warning: unused variable: `this`
   --> src\view\src\ui\components\text_input.rs:272:46
    |
272 | ...                   view.update(cx, |this, cx| {
    |                                        ^^^^ help: if this is intentional, prefix it with an u
nderscore: `_this`

warning: unused variable: `this`
   --> src\view\src\ui\components\text_input.rs:262:46
    |
262 | ...                   view.update(cx, |this, cx| {
    |                                        ^^^^ help: if this is intentional, prefix it with an u
nderscore: `_this`

warning: unused variable: `this`
   --> src\view\src\ui\components\zed_style_text_input.rs:288:54
    |
288 | ...                   view.update(cx, |this, cx| {
    |                                        ^^^^ help: if this is intentional, prefix it with an u
nderscore: `_this`

warning: unused variable: `this`
   --> src\view\src\ui\components\zed_style_text_input.rs:251:46
    |
251 | ...                   view.update(cx, |this, cx| {
    |                                        ^^^^ help: if this is intentional, prefix it with an u
nderscore: `_this`

warning: unused variable: `this`
   --> src\view\src\ui\components\zed_style_text_input.rs:246:46
    |
246 | ...                   view.update(cx, |this, cx| {
    |                                        ^^^^ help: if this is intentional, prefix it with an u
nderscore: `_this`

warning: unused variable: `this`
   --> src\view\src\ui\components\zed_style_text_input.rs:236:46
    |
236 | ...                   view.update(cx, |this, cx| {
    |                                        ^^^^ help: if this is intentional, prefix it with an u
nderscore: `_this`

warning: unused variable: `focused_input`
   --> src\view\src\ui\views\library_management.rs:112:5
    |
112 |     focused_input: &Option<String>,
    |     ^^^^^^^^^^^^^ help: if this is intentional, prefix it with an underscore: `_focused_input
`

warning: unused variable: `cursor_pos`
   --> src\view\src\ui\views\library_management.rs:113:5
    |
113 |     cursor_pos: usize,
    |     ^^^^^^^^^^ help: if this is intentional, prefix it with an underscore: `_cursor_pos`

warning: unused variable: `focused_input`
   --> src\view\src\ui\views\library_management.rs:396:5
    |
396 |     focused_input: &Option<String>,
    |     ^^^^^^^^^^^^^ help: if this is intentional, prefix it with an underscore: `_focused_input
`

warning: unused variable: `cursor_pos`
   --> src\view\src\ui\views\library_management.rs:397:5
    |
397 |     cursor_pos: usize,
    |     ^^^^^^^^^^ help: if this is intentional, prefix it with an underscore: `_cursor_pos`

warning: unused variable: `cx`
   --> src\view\src\ui\views\library_view.rs:448:31
    |
448 | fn render_create_library_form(cx: &mut Context<CanViewApp>) -> impl IntoElement {
    |                               ^^ help: if this is intentional, prefix it with an underscore: 
`_cx`

warning: unused variable: `cx`
   --> src\view\src\ui\views\library_view.rs:533:28
    |
533 | fn render_add_version_form(cx: &mut Context<CanViewApp>) -> impl IntoElement {
    |                            ^^ help: if this is intentional, prefix it with an underscore: `_c
x`

For more information about this error, try `rustc --explain E0599`.
warning: `view` (bin "view") generated 66 warnings
error: could not compile `view` (bin "view") due to 19 previous errors; 66 warnings emitted
